[    0.000000] inux version 4.15.0-39-generic (buildd@lgw01-amd64-054) (gcc version 7.3.0 (Ubuntu 7.3.0-1ubuntu3)) #42-Ubunu SM Tue Oct 23 15:48:01 UTC 2018 (Ubuntu 4.5.0-39.42-generc 4.15.18)
[    0.000000] Command line: BOOT_IMAGE=/boot/vmlinuz-4.15.0-39-generic root=LABEL=cloudimg-rootfs ro console=tty1 console=ttyS0
[    0.000000] KERNEL supported cpus:
[    0.000000]   Intel GenuineIntel
[    0.000000]   AMD AuthenticAMD
[    0.00000]   Centaur CentaurHauls
[    0.000000] x86/fpu: Supporting XSAVE feature 0x001: 'x87 floating point registers'
[    0.000000] x86/fpu: Supporting XSAVE feature 0x002: 'SSE registers'
[    0.000000] x8/fpu Supporting XSAVE feaure 0x004: 'AVX reisters'
[    0.000000] x86/fpu: xstate_offset[2]:  576, xstate_sizes[2]:  256
[    0.000000] x86/fpu: Enabled xstate features 0x7, context size is 832 bytes, using 'standard' format.
[    0.000000] e820: BIOS-provided physical RAM map:
[    0.000000] BIOS-e820: [mem 0x0000000000000000-0x000000000009fbff] usable
[    0.000000] BIOS-e820: [mem 0x000000000009fc00-0x000000000009ffff] reserved
[    0.000000] BIOS-e820: [mem 0x00000000000f0000-0x00000000000fffff] reserved
[    0.000000] BIOS-e820: [mem 0x0000000000100000-0x000000003ffeffff] usable
[    0.000000] BIOS-e820: [mem 0x00000003fff0000-0x000000003fffffff] ACPI data
[    0.000000] BIOS-e820: [mem 0x0000000fec00000-0x00000000fec00fff]reseved
[    0.000000] BIOS-e820: [mem 0x00000000fee00000-0x00000000fee00fff] reserved
[    0.00000] BIOS-e820: [mem x00000000fffc0000-0x00000000ffffffff] reserve
[    0.000000] NX (Exeute Disable) rotection: active
[    0.000000] SMBIOS 2.5 preent.
[    0.000000] DMI: innotek GmbH VirtualBox/VirtualBox, BIOS VirtualBox 12/01/2006
[    0.000000] Hypervisor detected: KVM
[    0.000000] e820: last_pfn = 0x3fff0 max_arch_pfn = 0x400000000
[    0.000000] MTRR: Disabled
[    0.000000] x86/PAT: MTRRs disabld, skipping PAT initialization to.
[    0.000000] CPU MTRRs all blank - virtualized system.
[    0.000000] x86/PAT: Configuration [0-7]: WB  WT  UC- UC  WB  WT  UC- UC  
[    0.000000] found SMP MP-table at [mem 0x0009fff0-0x0009ffff] mapped at [        (ptrval)]
[    0.000000] Scanning 1 areas for low memory corruption
[    0.000000] RAMDIK: [mem 0x35ae3000-0x36d68fff]
[    0.000000] ACPI: Early table checksum verification disabled
[    0.000000] ACPI: RSDP 0x00000000000E0000 000024 (v02 VBO  )
[    0.000000] ACPI: XSDT 0x000000003FFF003 0003C (v01 VBOX   VBOXXSDDT 00000001 ASL  00000061)
[    0.000000] ACPI: FCP 0x000000003FFF00F0 0000F4 (v04 VBOX   VBOXFACP 00000001 ASL  00000061)
[    0.000000] ACPI: DSDT 0x000000003FFF0470 0021FF (v02 VBOX   VBOXBIOS 00000002 INTL 20100528)
[    0.000000] ACPI: FACS 0x000000003FFF0200 000040
[    0.000000] ACPI: FACS 0x000000003FFF0200 000040
[    0.000000] ACPI: APIC 0x000000003FFF0240 00005C (v02 VBOX   VBOXAPIC 00000001 ASL  0000061)
[    0.000000] ACPI: SSDT 0x000000003FFF02A0 0001CC (v01 VBOX   VBOXCPUT 00000002 INTL 20100528)
[    0.000000] No NUMA configuration found
[    0.000000] Faking a node at [mem 0x0000000000000000-0x000000003ffeffff]
[    0.000000] NODE_DATA(0) allocated [mem 0x3ffc5000-0x3ffeffff]
[    0.000000] kvm-clock: cp 0, sr 0:3ff44001, primary cpu clock
[    0.000000] kvm-clock: Using msrs 4b564d01 and 4b564d00
[    0.000000] kvm-clock: using sched offset of 4450605375 cycles
[    0.000000] clocksource: kvm-clock: mask: 0xffffffffffffffff max_cycles: 0x1cd42e4dffb, max_idle_ns: 881590591483 ns
[    0.000000] Zone ranges:
[    0.000000]   DMA      [mem 0x0000000000001000-0x0000000000ffffff]
[    0.000000]   DMA32    [mem 0x0000000001000000-0x000000003ffeffff]
[    0.000000]   Normal   empty
[    0.000000]   Device   empty
[    0.000000] Movable zone start for each node
[    0.000000] Early memory node ranges
[    0.000000]   node   0: [mem 0x0000000000001000-0x000000000009efff]
[    0.00000]   node   : [mem 0x0000000000100000-0x00000003ffeffff]
[    0.000000] Initmem etup node 0 [mem 0x0000000000001000-0x000000003ffeffff]
[    0.000000] Reserved but unavailabe: 98 ages
[    0.000000] ACPI: PM-Timer IO Port: 0x4008
[    0.000000] IOAPIC[]: apc_id 2, version 32, address xfec00000, GSI 0-23
[    0.000000] ACPI: INT_SRC_OVR (bus 0 bus_irq 0 global_irq 2 dfl dfl)
[    0.000000] ACPI: INT_SRC_OVR (bus 0 bus_irq 9 global_irq 9 low level)
[    0.000000] Using ACPI (MADT) for SMP configuration information
[    0.000000] smpboot: Allowing 2 CPUs, 0 hotplug CPs
[    0.000000] PM: Registered nosave mmory: [mem 0x00000000-0x00000fff]
[    0.000000] PM: Registered nosave memory: [mem 0x0009f000-0x0009ffff]
[    0.000000] PM: Registered nosave memory: [mem 0x000a0000-0x000effff]
[    0.000000] PM: Registered nosave memory: [mem 0x000f0000-0x000fffff]
[    0.000000] e820: [mem 0x40000000-0xfebfffff] available for PCI devies
[    0.000000] Booting paravirtualized kernel on KVM
[    0.00000] clocksource: refined-jiffies: mask: 0xffffffff max_cycles: 0xffffffff, max_idle_ns: 7645519600211568 ns
[    0.000000] rando: get_random_byts called from start_kernel+0x9/0x4fd wih crng_init=0
[    0.000000] setup_percpu: NR_CPUS:8192 nr_cpumask_bits:2 nr_cpu_ids:2 nr_node_ids:1
[    0.000000] percpu: Embedded 46 pages/cpu @        (ptrval) s151552 r8192 d28672 u1048576
[    0.000000] PV qspinlock hash table entries: 25 (order: 0, 4096 bytes)
[    0.000000] Built 1 zonelists, mobility grouping on.  Total pages: 257913
[    0.000000] Policy zone: DMA32
[    0.000000]Kernel ommand lie: BOOT_MAGE=/boot/vmlinuz-4.15.0-39-generic root=LABEL=coudim-rootfs ro console=tty1console=ttyS0
[    0.000000] Memory: 983616/104120K available (12300K kernel code, 2472K rdata, 4248K rodata, 2408K init, 2416K bss, 64504K reserved, 0K cma-resered)
[    0.000000] SLUB: HWalign=4, Order=0-3, MinObjects=0,CPUs=2, Nodes=1
[    0.000000] Kerel/Uer page tables isolation: enabled
[    0.000000] ftrace: allocating 39178 entries in 154 paes
[    0.004000] Hiearchical RCU implementation.
[    0.004000] 	RCU restricting CPUs fro NR_CPUS=8192 to nr_cpu_ids=2.
[    0.04000]	Tasks RCU enabled.
[    0.04000] RCU: Adjusing geometry for rcu_fanout_leaf=16, nr_cpu_ids=2
[    0.004000] NR_IRQS: 524544, nr_irqs: 440, preallocated irqs: 16
[    0.0040000] Console: colour VGA+ 80x25
[    0.00000] console [tty1] enabled
[    0.004000] console [ttyS0] enabled
[    0.004000] ACPI: Core revision 20170831
[    0.004000] ACPI: 2 ACPI AL tabls successfully acquird and loaded
    0.004000] APIC: Switch to symmetric I/O mode setup
[    0.004259] x2apic enabled
[    0.008005] Switched APIC routing to physical x2apic.
[    0.012952] ..TIMER: vector=0x30 apic1=0 pin1=2 apic2=-1 pin2=-1
[    0.016003] tsc: Detected 2294.688 MHz processor
[    0.020012] Calibrating delay loop (skipped) preset value.. 4589.37 BogoMIPS (lpj=9178752)
[    0.024007] pid_max: default: 32768 minimum: 301
[    0.028039] Security Framework initialized
[    0.032005] Yama: becoming mindful.
[    0.036029] AppArmor: AppArmor initialized
[    0.044055] Dentry cache hash table entries: 131072 (order: 8, 1048576 bytes)
[    0.048080] Inode-cache hash table entries: 65536 (order: 7, 524288 bytes)
[    0.052021] Mount-cache hash table entries: 2048 (order: 2, 16384 bytes)
[    0.056010] Mountpoint-cache hash table entries: 2048 (order: 2, 16384 bytes)
[    0.060220] mce: CPU supports 0 MCE banks
[    0.064024] Last level iTLB entries: 4KB 1024, 2MB 1024, 4MB 1024
[    0.068007] Last level dTLB entries: 4KB 1024, 2MB 1024, 4MB 1024, 1GB 4
[    0.072006] Spectre V2 : Mitigation: Full generic retpoline
[    0.076003] Spectre V2 : Spectre v2 / SpectreRSB mitigation: Filling RSB on context switch
[    0.080005] Speculative Store Bypass: Vulnerable
[    0.084110] Freeing SMP alternatives memory: 36K
[    0.092000] smpboot: CPU0: Intel(R) Core(TM) i7-4850HQ CPU @ 2.30GHz (family: 0x6, model: 0x46, stepping: 0x1)
[    0.092082] Performance Events: unsupported p6 CPU model 70 no PMU driver, software events only.
[    0.096066] Hierarchical SRCU implementation.
[    0.098041] NMI watchdog: Perf event create on CPU 0 failed with -2
[    0.100004] NMI watchdog: Perf NMI watchdog permanently disabled
[    0.104071] smp: Bringing up secondary CPUs ...
[    0.108094] x86: Booting SMP configuration:
[    0.112005] .... node  #0, CPUs:      #1
[    0.004000] kvm-clock: cpu 1, msr 0:3ff44041, secondary cpu clock
[    0.004000] mce: CPU supports 0 MCE banks
[    0.120024] smp: Brought up 1 node, 2 CPUs
[    0.124008] smpboot: Max logical packages: 1
[    0.128006] smpboot: Total of 2 processors activated (9178.75 BogoMIPS)
[    0.132161] devtmpfs: initialized
[    0.136051] x86/mm: Memory block size: 128MB
[    0.140155] evm: security.selinux
[    0.144005] evm: security.SMACK64
[    0.145029] evm: security.SMACK64EXEC
[    0.148006] evm: security.SMACK64TRANSMUTE
[    0.152006] evm: security.SMACK64MMAP
[    0.156006] evm: security.apparmor
[    0.157071] evm: security.ima
[    0.157938] evm: security.capability
[    0.160145] clocksource: jiffies: mask: 0xffffffff max_cycles: 0xffffffff, max_idle_ns: 7645041785100000 ns
[    0.164012] futex hash table entries: 512 (order: 3, 32768 bytes)
[    0.166550] pinctrl core: initialized pinctrl subsystem
[    0.172104] RTC time:  1:44:51, date: 12/04/18
[    0.174055] NET: Registered protocol family 16
[    0.176143] audit: initializing netlink subsys (disabled)
[    0.179084] audit: type=2000 audit(1543887894.993:1): state=initialized audit_enabled=0 res=1
[    0.184012] cpuidle: using governor ladder
[    0.185355] cpuidle: using governor menu
[    0.188076] ACPI: bus type PCI registered
[    0.189452] acpiphp: ACPI Hot Plug PCI Controller Driver version: 0.5
[    0.191757] PCI: Using configuration type 1 for base access
[    0.193132] HugeTLB registered 2.00 MiB page size, pre-allocated 0 pages
[    0.196164] ACPI: Added _OSI(Module Device)
[    0.197689] ACPI: Added _OSI(Processor Device)
[    0.200004] ACPI: Added _OSI(3.0 _SCP Extensions)
[    0.204005] ACPI: Added _OSI(Processor Aggregator Device)
[    0.205965] ACPI: Added _OSI(Linux-Dell-Video)
[    0.208004] ACPI: Added _OSI(Linux-Lenovo-NV-HDMI-Audio)
[    0.212233] ACPI: Executed 1 blocks of module-level executable AML code
[    0.217843] ACPI: Interpreter enabled
[    0.219258] ACPI: (supports S0 S5)
[    0.220004] ACPI: Using IOAPIC for interrupt routing
[    0.221690] PCI: Using host bridge windows from ACPI; if necessary, use "pci=nocrs" and report a bug
[    0.224261] ACPI: Enabled 2 GPEs in block 00 to 07
[    0.235302] ACPI: PCI Root Bridge [PCI0] (domain 0000 [bus 00-ff])
[    0.236019] acpi PNP0A03:00: _OSC: OS supports [ASPM ClockPM Segments MSI]
[    0.240048] acpi PNP0A03:00: _OSC: not requesting OS control; OS requires [ExtendedConfig ASPM ClockPM MSI]
[    0.244021] acpi PNP0A03:00: fail to add MMCONFIG information, can't access extended PCI configuration space under this bridge.
[    0.248550] PCI host bridge to bus 0000:00
[    0.252008] pci_bus 0000:00: root bus resource [io  0x0000-0x0cf7 window]
[    0.256007] pci_bus 0000:00: root bus resource [io  0x0d00-0xffff window]
[    0.260008] pci_bus 0000:00: root bus resource [mem 0x000a0000-0x000bffff window]
[    0.264007] pci_bus 0000:00: root bus resource [mem 0x40000000-0xfdffffff window]
[    0.268007] pci_bus 0000:00: root bus resource [bus 00-ff]
[    0.278037] pci 0000:00:01.1: legacy IDE quirk: reg 0x10: [io  0x01f0-0x01f7]
[    0.280007] pci 0000:00:01.1: legacy IDE quirk: reg 0x14: [io  0x03f6]
[    0.281744] pci 0000:00:01.1: legacy IDE quirk: reg 0x18: [io  0x0170-0x0177]
[    0.284005] pci 0000:00:01.1: legacy IDE quirk: reg 0x1c: [io  0x0376]
[    0.308826] pci 0000:00:07.0: quirk: [io  0x4000-0x403f] claimed by PIIX4 ACPI
[    0.312044] pci 0000:00:07.0: quirk: [io  0x4100-0x410f] claimed by PIIX4 SMB
[    0.326293] ACPI: PCI Interrupt Link [LNKA] (IRQs 5 9 10 *11)
[    0.328386] ACPI: PCI Interrupt Link [LNKB] (IRQs 5 9 *10 11)
[    0.332208] ACPI: PCI Interrupt Link [LNKC] (IRQs 5 *9 10 11)
[    0.336176] ACPI: PCI Interrupt Link [LNKD] (IRQs 5 9 10 *11)
[    0.340464] SCSI subsystem initialized
[    0.344064] pci 0000:00:02.0: vgaarb: setting as boot VGA device
[    0.348000] pci 0000:00:02.0: vgaarb: VGA device added: decodes=io+mem,owns=io+mem,locks=none
[    0.348008] pci 0000:00:02.0: vgaarb: bridge control possible
[    0.352004] vgaarb: loaded
[    0.356045] ACPI: bus type USB registered
[    0.357229] usbcore: registered new interface driver usbfs
[    0.360025] usbcore: registered new interface driver hub
[    0.364035] usbcore: registered new device driver usb
[    0.368083] EDAC MC: Ver: 3.0.0
[    0.372383] PCI: Using ACPI for IRQ routing
[    0.376451] NetLabel: Initializing
[    0.380006] NetLabel:  domain hash size = 128
[    0.384004] NetLabel:  protocols = UNLABELED CIPSOv4 CALIPSO
[    0.388025] NetLabel:  unlabeled traffic allowed by default
[    0.392087] clocksource: Switched to clocksource kvm-clock
[    0.406554] VFS: Disk quotas dquot_6.6.0
[    0.411153] VFS: Dquot-cache hash table entries: 512 (order 0, 4096 bytes)
[    0.413384] AppArmor: AppArmor Filesystem Enabled
[    0.414691] pnp: PnP CPI nit
[    0.461654] pnp: PnP ACPI: found 3 devices

[   0.475235] clockourc: acpi_pm: mask: 0xffffff max_cycles: 0xffffff, max_idle_ns: 2085701024 ns
[    0.545751] NET: Registered protocol family 2

[    0549629] TCP established hash table entries: 8192(order: 4, 65536 bytes)
[    0.599244] TP bind hash table entries:8192 (ordr: 5, 131072 bytes)
[    0.7024] TCP: Hash tables configured (established 8192 bind 8192)
[    0.717841] UDP hash table entries: 512 (order: 2, 16384 bytes)
[    0.719428] UDP-Lite hash table entries: 512 (order: 2, 16384 bytes)
[    0.721184] NET: Registered protocol family 1
[   0.72421]pci 0000:00:00.: Limiting direct PCI/PCI transfes
[    0.87148] pci 0000:0001.0 Activating IA DMAhang workarounds
[    0.959271] pci 000:00:0.0: Vdeo device with shadowed ROM at [mm 0x000c0000-0x000dffff]
[    1.052650] Unpacking initramfs...

[    1.324351] Freeing initrd memory: 18968K
[    1.326493] platform rtc_cmos: registered platform RTC device (no PNP device found)
[    1.352857] Scanning for low memory corruption every 60 seconds
[    1.378088] Initialise system trusted keyrings
[    1.380615] Key type blacklist registered
[    1.384532] workingset: timestamp_bits=36 max_order=18 bucket_order=0
[    1.390359] zbud: loaded
[    1.392145] squashfs: version 4.0 (2009/01/31) Phillip Lougher
[    1.393903] fuse init (API version 7.26)
[    1.398481] Key type asymmetric registered
[    1.399624] Asymmetric key parser 'x509' registered
[    1.410956] Block layer SCSI generic (bsg) driver version 0.4 loaded (major 246)
[    1.414347] io scheduler noop registered
[    1.417079] io scheduler deadline registered
[    1.422376] io scheduler cfq registered (default)
[    1.450708] ACPI: AC Adapter [AC] (off-line)
[    1.453644] input: Power Button as /devices/LNXSYSTM:00/LNXPWRBN:00/input/input0
[    1.473270] ACPI: Power Button [PWRF]
[    1.479955] input: Sleep Button as /devices/LNXSYSTM:00/LNXSLPBN:00/input/input1
[    1.482101] ACPI: Sleep Button [SLPF]
[    1.491605] ACPI: Battery Slot [BAT0] (battery present)
[    1.492216] Serial 8250/16550 driver 32 pors, IRQ shring eabled

[    1.522414] 00:02: ttyS0 at I/O 0x3f8 (irq = 4, base_baud = 115200) is a 16550A
[    1.643012] Linux agpgart interface v0.103
[    1.693481] loop: module loaded
[    1.695264] scsi host0: ata_piix
[    1.696835] scsi host1: ata_piix
[    1.700613] ata1: PATA max UDMA/33 cmd 0x1f0 ctl 0x3f6 bmdma 0xd000 irq 14
[    1.703111] ata2: PATA max UDMA/33 cmd 0x170 ctl 0x376 bmdma 0xd008 irq 15
[    1.705067] libphy: Fixed MDIO Bus: probed
[    1.720970] tun: Universal TUN/TAP device driver, 1.6
[    1.740177] PPP generic driver version 2.4.2
[    1.759742] ehci_hcd: USB 2.0 'Enhanced' Host Controller (EHCI) Driver
[    1.768978] ehci-pci: EHCI PCI platform driver
[    1.770886] ehci-platform: EHCI generic platform driver
[    1.772383] ohci_hcd: USB 1.1 'Open' Host Controller (OHCI) Driver
[    1.790710] ohci-pci: OHCI PCI platform driver
[    1.800644] ohci-platform: OHCI generic platform driver
[    1.802770] uhci_hcd: USB Universal Host Controller Interface driver
[    1.806228] i8042: PNP: PS/2 Controller [PNP0303:PS2K,PNP0f03:PS2M] at 0x60,0x64 irq 1,12
[    1.808989] serio: i8042 KBD port at 0x60,0x64 irq 1
[    1.813760] serio: i8042 AUX port at 0x60,0x64 irq 12
[    1.830460] mousedev: PS/2 mouse device common for all mice
[    1.832908] input: AT Translated Set 2 keyboard as /devices/platform/i8042/serio0/input/input2
[    1.835774] rtc_cmos rtc_cmos: rtc core: registered rtc_cmos as rtc0
[    1.837563] rtc_cmos rtc_cmos: alarms up to one day, 114 bytes nvram
[    1.860919] i2c /dev entries driver
[    1.862550] pcie_mp2_amd: AMD(R) PCI-E MP2 Communication Driver Version: 1.0
[    1.864520] device-mapper: uevent: version 1.0.3
[    1.866179] device-mapper: ioctl: 4.37.0-ioctl (2017-09-20) initialised: dm-devel@redhat.com
[    1.930735] ledtrig-cpu: registered to indicate activity on CPUs
[    1.951907] NET: Registered protocol family 10
[    1.972947] Segment Routing with IPv6
[    1.974307] NET: Registered protocol family 17
[    2.004983] Key type dns_resolver registered
[    2.033578] RAS: Correctable Errors collector initialized.
[    2.044718] sched_clock: Marking stable (2044690775, 0)->(5442030483, -3397339708)
[    2.065534] registered taskstats version 1
[    2.069759] Loading compiled-in X.509 certificates
[    2.106753] Loaded X.509 cert 'Build time autogenerated kernel key: 28c680bedc8638650c29d29ff1fd33ae66a2014d'
[    2.140588] zswap: loaded using pool lzo/zbud
[    2.176210] Key type big_key registered
[    2.200186] Key type trusted registered
[    2.204954] Key type encrypted registered
[    2.206653] AppArmor: AppArmor sha1 policy hashing enabled
[    2.212909] ima: No TPM chip found, activating TPM-bypass! (rc=-19)
[    2.216875] ima: Allocated hash algorithm: sha1
[    2.220298] evm: HMAC attrs: 0x1
[    2.221774]   Magic number: 14:124:710
[    2.225961] rtc_cmos rtc_cmos: setting system clock to 2018-12-04 01:44:54 UTC (1543887894)
[    2.229149] BIOS EDD facility v0.16 2004-Jun-25, 0 devices found
[    2.231262] EDD information not available.
[    2.235460] Freeing unused kernel memory: 2408K
[    2.252108] Write protecting the kernel read-only data: 20480k
[    2.254773] Freeing unused kernel memory: 2008K
[    2.260450] Freeing unused kernel memory: 1896K
[    2.288001] x86/mm: Checked W+X mappings: passed, no W+X pages found.
[    2.315152] x86/mm: Checking user space page tables
[    2.325576] x86/mm: Checked W+X mappings: passed, no W+X pages found.
[    2.336746] tsc: Refined TSC clocksource calibration: 2296.090 MHz
[    2.336752] clocksource: tsc: mask: 0xffffffffffffffff max_cycles: 0x2118c7c82f6, max_idle_ns: 440795315707 ns
Loading, please wait...
starting version 237
[    2.426690] Fusion MPT base driver 3.04.20
[    2.430637] Copyright (c) 1999-2008 LSI Corporation
[    2.434571] e1000: Intel(R) PRO/1000 Network Driver - version 7.3.21-k8-NAPI
[    2.438347] e1000: Copyright (c) 1999-2006 Intel Corporation.
[    2.468013] Fusion MPT SPI Host driver 3.04.20
[    2.472838] AVX2 version of gcm_enc/dec engaged.
[    2.479803] AES CTR mode by8 optimization enabled
[    2.665540] input: ImExPS/2 Generic Explorer Mouse as /devices/platform/i8042/serio1/input/input4
[    2.908336] e1000 0000:00:03.0 eth0: (PCI:33MHz:32-bit) 02:c2:cc:dd:c7:b8
[    2.921412] e1000 0000:00:03.0 eth0: Intel(R) PRO/1000 Network Connection
[    2.941912] mptbase: ioc0: Initiating bringup
[    2.942572] e1000 0000:00:03.0 enp0s3: renamed from eth0
[    3.049450] ioc0: LSI53C1030 A0: Capabilities={Initiator}
[    3.296123] scsi host2: ioc0: LSI53C1030 A0, FwRev=00000000h, Ports=1, MaxQ=256, IRQ=20
[    3.497729] scsi 2:0:0:0: Direct-Access     VBOX     HARDDISK         1.0  PQ: 0 ANSI: 5
[    3.536116] scsi target2:0:0: Beginning Domain Validation
[    3.569053] scsi target2:0:0: Domain Validation skipping write tests
[    3.571306] scsi target2:0:0: Ending Domain Validation
[    3.587723] scsi target2:0:0: asynchronous
[    3.601328] scsi 2:0:1:0: Direct-Access     VBOX     HARDDISK         1.0  PQ: 0 ANSI: 5
[    3.652188] scsi target2:0:1: Beginning Domain Validation
[    3.660555] random: fast init done
[    3.845975] scsi target2:0:1: Domain Validation skipping write tests
[    3.919646] scsi target2:0:1: Ending Domain Validation
[    3.940163] scsi target2:0:1: asynchronous
[    3.947588] random: systemd-udevd: uninitialized urandom read (16 bytes read)
[    3.950931] random: systemd-udevd: uninitialized urandom read (16 bytes read)
[    3.950983] sd 2:0:0:0: Attached scsi generic sg0 type 0
[    3.963364] sd 2:0:1:0: Attached scsi generic sg1 type 0
[    3.980599] random: systemd-udevd: uninitialized urandom read (16 bytes read)
[    3.992755] sd 2:0:0:0: [sda] 20971520 512-byte logical blocks: (10.7 GB/10.0 GiB)
[    4.027159] sd 2:0:1:0: [sdb] 20480 512-byte logical blocks: (10.5 MB/10.0 MiB)
[    4.032691] sd 2:0:0:0: [sda] Write Protect is off
[    4.034690] sd 2:0:1:0: [sdb] Write Protect is off
[    4.036815] sd 2:0:1:0: [sdb] Incomplete mode parameter data
[    4.039010] sd 2:0:1:0: [sdb] Assuming drive cache: write through
[    4.041443] sd 2:0:0:0: [sda] Incomplete mode parameter data
[    4.043277] sd 2:0:0:0: [sda] Assuming drive cache: write through
[    4.047500]  sda: sda1
[    4.050191] sd 2:0:1:0: [sdb] Attached SCSI disk
[    4.054068] sd 2:0:0:0: [sda] Attached SCSI disk
Begin: Loading essential drivers ... [    5.508214] raid6: sse2x1   gen() 10308 MB/s
[    5.560141] raid6: sse2x1   xor()  6527 MB/s
[    5.612092] raid6: sse2x2   gen() 11623 MB/s
[    5.676282] raid6: sse2x2   xor()  8272 MB/s
[    5.732335] raid6: sse2x4   gen() 15401 MB/s
[    5.792234] raid6: sse2x4   xor()  9553 MB/s
[    5.860032] raid6: avx2x1   gen() 21127 MB/s
[    5.912280] raid6: avx2x1   xor() 14543 MB/s
[    5.964174] raid6: avx2x2   gen() 24286 MB/s
[    6.016305] raid6: avx2x2   xor() 15311 MB/s
[    6.084265] raid6: avx2x4   gen() 28217 MB/s
[    6.132078] raid6: avx2x4   xor() 16429 MB/s
[    6.144351] raid6: using algorithm avx2x4 gen() 28217 MB/s
[    6.153797] raid6: .... xor() 16429 MB/s, rmw enabled
[    6.164828] raid6: using avx2x2 recovery algorithm
[    6.175205] xor: automatically using best checksumming function   avx       
[    6.179817] async_tx: api initialized (async)
done.
Begin: Running /scripts/init-premount ... done.
Begin: Mounting root file system ... Begin: Running /scripts/local-top ... done.
Begin: Runni[    6.243230] Btrfs loaded, crc32c=crc32c-intel
ng /scripts/local-premount ... Scanning for Btrfs filesystems
done.
Warning: fsck not present, so skipping root file system
[    6.282012] EXT4-fs (sda1): mounted filesystem with ordered data mode. Opts: (null)
done.
Begin: Running /scripts/local-bottom ... done.
Begin: Running /scripts/init-bottom ... done.
[    6.494380] ip_tables: (C) 2000-2006 Netfilter Core Team
[    6.506013] systemd[1]: systemd 237 running in system mode. (+PAM +AUDIT +SELINUX +IMA +APPARMOR +SMACK +SYSVINIT +UTMP +LIBCRYPTSETUP +GCRYPT +GNUTLS +ACL +XZ +LZ4 +SECCOMP +BLKID +ELFUTILS +KMOD -IDN2 +IDN -PCRE2 default-hierarchy=hybrid)
[    6.511717] systemd[1]: Detected virtualization oracle.
[    6.513836] systemd[1]: Detected architecture x86-64.

Welcome to [1mUbuntu 18.04.1 LTS[0m!

[    6.541001] systemd[1]: Set hostname to <ubuntu>.
[    7.105608] systemd[1]: Initializing machine ID from random generator.
[    7.107450] systemd[1]: Installed transient /etc/machine-id file.
[    7.351896] systemd[1]: Reached target User and Group Name Lookups.
[[0;32m  OK  [0m] Reached target User and Group Name Lookups.
[    8.126947] systemd[1]: Reached target Swap.
[[0;32m  OK  [0m] Reached target Swap.
[    8.160051] systemd[1]: Started Forward Password Requests to Wall Directory Watch.
[[0;32m  OK  [0m] Started Forward Password Requests to Wall Directory Watch.
[    8.933132] systemd[1]: Set up automount Arbitrary Executable File Formats File System Automount Point.
[[0;32m  OK  [0m] Set up automount Arbitrary Executabâ€¦rmats File System Automount Point.
[[0;32m  OK  [0m] Reached target System Time Synchronized.
[[0;32m  OK  [0m] Created slice User and Session Slice.
[[0;32m  OK  [0m] Created slice System Slice.
[[0;32m  OK  [0m] Listening on LVM2 metadata daemon socket.
[[0;32m  OK  [0m] Reached target Slices.
[[0;32m  OK  [0m] Listening on LVM2 poll daemon socket.
[[0;32m  OK  [0m] Listening on Journal Socket.
         Starting Load Kernel Modules...
         Mounting Huge Pages Fil[    9.048549] Loading iSCSI transport class v2.0-870.
e System...
[[0;32m  OK  [0m] Listening on Journal Socket (/dev/log).
         Starting Uncomplicated firewall...
[[0;32m  OK  [0m] Created slice system-serial\x2dgetty.slice.
[[0;32m  OK  [0m] Listening on [    9.095635] iscsi: registered transport (tcp)
udev Kernel Socket.
         Starting Create list of required stâ€¦ce nodes for the current kernel...
         Mounting POSIX Message [    9.126921] iscsi: registered transport (iser)
Queue File System...
[[0;32m  OK  [0m] Listening on Syslog Socket.
         Starting Remount Root and Kernel File Systems...
         Starting Set the console keyboard layout...
[[0;32m  OK  [[    9.171076] EXT4-fs (sda1): re-mounted. Opts: (null)
0m] Listening on Network Service Netlink Socket.
[[0;32m  OK  [0m] Listening on udev Control Socket.
         Starting udev Coldplug all Devices...
[[0;32m  OK  [0m] Listening on /dev/initctl Compatibility Named Pipe.
[[0;32m  OK  [0m] Listening on Device-mapper event daemon FIFOs.
         Starting Monitoring of LVM2 mirrorsâ€¦ng dmeventd or progress polling...
         Mounting Kernel Debug File System...
[[0;32m  OK  [0m] Listening on Journal Audit Socket.
         Starting Journal Service...
[[0;32m  OK  [0m] Started Load Kernel Modules.
[[0;32m  OK  [0m] Started Journal Service.
[[0;32m  OK  [0m] Mounted Huge Pages File System.
[[0;32m  OK  [0m] Started Uncomplicated firewall.
[[0;32m  OK  [0m] Started Create list of required staâ€¦vice nodes for the current kernel.
[[0;32m  OK  [0m] Mounted POSIX Message Queue File System.
[[0;32m  OK  [0m] Started Remount Root and Kernel File Systems.
[[0;32m  OK  [0m] Started Set the console keyboard layout.
[[0;32m  OK  [0m] Mounted Kernel Debug File System.
[[0;32m  OK  [0m] Started LVM2 metadata daemon.
         Starting Load/Save Random Seed...
         Starting Initial cloud-init job (pre-networking)...
         Starting Create Static Device Nodes in /dev...
         Starting Flush Journal to Persistent Storage...
         Starting Apply Kernel Variables...
         Mounting Kernel Configuration File System...
         Mounting FUSE Control File System...
[[0;32m  OK  [0m] Started Monitoring of LVM2 mirrors,â€¦sing dmeventd or progress polling.
[[0;32m  OK  [0m] Started udev Coldplug all Devices.
[[0;32m  OK  [0m] Started Load/Save Random Seed.
[[0;32m  OK  [0m] Mounted Kernel Configuration File System.
[[0;32m  OK  [0m] Mounted FUSE Control File System.
[[0;32m  OK  [0m] Started Create Static Device Nodes in /dev.
         Starting udev Kernel Device Manager...
[[0;32m  OK  [0m] Reached target Local File Systems (Pre).
[[0;32m  OK  [0m] Reached target Local File Systems.
         Starting AppArmor initialization...
         Starting Tell Plymouth To Write Out Runtime Data...
         Starting Set console font and keymap...
         Starting ebtables ruleset management...
         Starting Commit a transient machine-id on disk...
[[0;32m  OK  [0m] Started udev Kernel Device Manager.
[[0;32m  OK  [0m] Started Apply Kernel Variables.
[[0;32m  OK  [0m] Started Dispatch Password Requests to Console Directory Watch.
[[0;32m  OK  [0m] Reached target Local Encrypted Volumes.
[[0;32m  OK  [0m] Started Tell Plymouth To Write Out Runtime Data.
[[0;32m  OK  [0m] Started Set console font and keymap.
[[0;32m  OK  [0m] Started Flush Journal to Persistent Storage.
         Starting Create Volatile Files and Directories...
[[0;32m  OK  [0m] Started Commit a transient machine-id on disk.
[[0;32m  OK  [0m] Started ebtables ruleset management.
[[0;32m  OK  [0m] Started Create Volatile Files and Directories.
         Starting Update UTMP about System Boot/Shutdown...
[[0;32m  OK  [0m] Started Update UTMP about System Boot/Shutdown.
[[0;32m  OK  [0m] Found device /dev/ttyS0.
[[0;32m  OK  [0m] Listening on Load/Save RF Kill Switch Status /dev/rfkill Watch.
[[0;32m  OK  [0m] Started AppArmor initialization.
[   11.448744] cloud-init[415]: Cloud-init v. 18.4-0ubuntu1~18.04.1 running 'init-local' at Tue, 04 Dec 2018 01:45:03 +0000. Up 11.06 seconds.
[[0;32m  OK  [0m] Started Initial cloud-init job (pre-networking).
[[0;32m  OK  [0m] Reached target Network (Pre).
         Starting Network Service...
[[0;32m  OK  [0m] Started Network Service.
         Starting Network Name Resolution...
         Starting Wait for Network to be Configured...
[[0;32m  OK  [0m] Started Network Name Resolution.
[[0;32m  OK  [0m] Reached target Host and Network Name Lookups.
[[0;32m  OK  [0m] Reached target Network.
[[0;32m  OK  [0m] Started Wait for Network to be Configured.
         Starting Initial cloud-init job (metadata service crawler)...
[   13.633777] cloud-init[640]: Cloud-init v. 18.4-0ubuntu1~18.04.1 running 'init' at Tue, 04 Dec 2018 01:45:05 +0000. Up 13.51 seconds.
[   13.655385] cloud-init[640]: ci-info: ++++++++++++++++++++++++++++++++++++++Net device info++++++++++++++++++++++++++++++++++++++
[   13.692277] cloud-init[640]: ci-info: +--------+------+----------------------------+---------------+--------+-------------------+
[   13.695372] cloud-init[640]: ci-info: | Device |  Up  |          Address           |      Mask     | Scope  |     Hw-Address    |
[   13.708981] cloud-init[640]: ci-info: +--------+------+----------------------------+---------------+--------+-------------------+
[   13.721646] cloud-init[640]: ci-info: | enp0s3 | True |         10.0.2.15          | 255.255.255.0 | global | 02:c2:cc:dd:c7:b8 |
[   13.724671] cloud-init[640]: ci-info: | enp0s3 | True | fe80::c2:ccff:fedd:c7b8/64 |       .       |  link  | 02:c2:cc:dd:c7:b8 |
[   13.756304] cloud-init[640]: ci-info: |   lo   | True |         127.0.0.1          |   255.0.0.0   |  host  |         .         |
[   13.791780] cloud-init[640]: ci-info: |   lo   | True |          ::1/128           |       .       |  host  |         .         |
[   13.806053] cloud-init[640]: ci-info: +--------+------+----------------------------+---------------+--------+-------------------+
[   13.816985] cloud-init[640]: ci-info: ++++++++++++++++++++++++++++Route IPv4 info+++++++++++++++++++++++++++++
[   13.842740] cloud-init[640]: ci-info: +-------+-------------+----------+-----------------+-----------+-------+
[   13.857421] cloud-init[640]: ci-info: | Route | Destination | Gateway  |     Genmask     | Interface | Flags |
[   13.860811] cloud-init[640]: ci-info: +-------+-------------+----------+-----------------+-----------+-------+
[   13.864057] cloud-init[640]: ci-info: |   0   |   0.0.0.0   | 10.0.2.2 |     0.0.0.0     |   enp0s3  |   UG  |
[   13.875456] cloud-init[640]: ci-info: |   1   |   10.0.2.0  | 0.0.0.0  |  255.255.255.0  |   enp0s3  |   U   |
[   13.880265] cloud-init[640]: ci-info: |   2   |   10.0.2.2  | 0.0.0.0  | 255.255.255.255 |   enp0s3  |   UH  |
[   13.885012] cloud-init[640]: ci-info: +-------+-------------+----------+-----------------+-----------+-------+
[   13.889893] cloud-init[640]: ci-info: +++++++++++++++++++Route IPv6 info+++++++++++++++++++
[   13.893614] cloud-init[640]: ci-info: +-------+-------------+---------+-----------+-------+
[   13.899734] cloud-init[640]: ci-info: | Route | Destination | Gateway | Interface | Flags |
[   13.903310] cloud-init[640]: ci-info: +-------+-------------+---------+-----------+-------+
[   13.907311] cloud-init[640]: ci-info: |   1   |  fe80::/64  |    ::   |   enp0s3  |   U   |
[   13.910999] cloud-init[640]: ci-info: |   3   |    local    |    ::   |   enp0s3  |   U   |
[   13.936351] cloud-init[640]: ci-info: |   4   |   ff00::/8  |    ::   |   enp0s3  |   U   |
[   13.952310] cloud-init[640]: ci-info: +-------+-------------+---------+-----------+-------+
[   14.769138] cloud-init[640]: Generating public/private rsa key pair.
[   14.773267] cloud-init[640]: Your identification has been saved in /etc/ssh/ssh_host_rsa_key.
[   14.779000] cloud-init[640]: Your public key has been saved in /etc/ssh/ssh_host_rsa_key.pub.
[   14.784115] cloud-init[640]: The key fingerprint is:
[   14.787475] cloud-init[640]: SHA256:1g9czTs+P/XRzV8fU+gKe7df1MH+VSDTycIy2fo0vvI root@ubuntu-bionic
[   14.792024] cloud-init[640]: The key's randomart image is:
[   14.795289] cloud-init[640]: +---[RSA 2048]----+
[   14.798231] cloud-init[640]: |           +oo.. |
[   14.801017] cloud-init[640]: |          + +==. |
[   14.803707] cloud-init[640]: |           +..o+.|
[   14.805700] cloud-init[640]: |         o..o o.=|
[   14.811953] cloud-init[640]: |        S ++ oooB|
[   14.814576] cloud-init[640]: |       .  .oo..*O|
[   14.816813] cloud-init[640]: |           o.oo %|
[[   14.819398] cloud-init[640]: |          o + .+=|
[0;32m  OK  [0m] [   14.819593] Started Initial cloud-init job (metadata service crawler).cloud-init
[640]: |           +E..o+|
[   14.851856] cloud-init[640]: +----[SHA256]-----+
[   14.851984] cloud-init[640]: Generating public/private dsa key pair.
[   14.854493] cloud-init[640]: Your identification has been saved in /etc/ssh/ssh_host_dsa_key.
[[0;32m  OK  [0m] Reached target System Initialization.
[[0;32m  OK  [0m] Listening on ACPID Listen Socket.
[[0;32m  OK  [0m] Listening on UUID daemon activation socket.
[[0;32m  OK  [0m] Started Daily apt download activities.
[[0;32m  OK  [0m] Started Daily apt upgrade and clean activities.
[   14.855156] cloud-init[[0;32m  OK  [0m] Started Daily Cleanup of Temporary Directories.
         Starting Socket activation for snappy daemon.
[640]: Your public key has been saved in /etc/ssh/ssh_host_dsa_key.pub.
[   14.897798] [[0;32m  OK  [0m] Listening on D-Bus System Message Bus Socket.
cloud-init[640]: The key fingerprint is:         Starting LXD - unix socket.
[[0;32m  OK  [0m] Listening on Open-iSCSI iscsid Socket.
[[0;32m  OK  [0m] Started ACPI Events Check.

[[0;32m  OK  [0m] Reached target Paths.
[   14.910210] cloud-init[[640]: [0;32m  OK  [0mSHA256:JleY9qYABhrbyKs0H8APeBjLjIC5C6L96yQSEqP1XaE root@ubuntu-bionic] 
Started Discard unused blocks once a week.
[[0;32m  OK  [0m] Started Message of the Day.
[[0;32m  OK  [0m] Reached target Timers.
[[0;32m  OK  [0m] Reached target Network is Online.
[   14.930155] cloud-init[640]: The key's randomart image is:
[   14.963510] cloud-init[640]: +---[DSA 1024]----+
[   14.964894] cloud-init[640]: |=..     .        |
[[0;32m  OK  [0m] Reached target Remote File Systems (Pre).
[[0;32m  OK  [0m] Reached target Remote File Systems.
[   14.968741] cloud-init[640]: |@X .   . +       |
         Starting Availability of block devices...
[   14.994606] cloud-init[640]: |@O+ o E = .      |
[   14.999328] cloud-init[640]: |===o o o o       |
[   15.001948] cloud-init[640]: |B* o. + S o      |
[[0;32m  OK  [0m] Reached target Cloud-config availability.
[[0;32m  OK  [0m] Listening on Socket activation for snappy daemon.
[   15.008902] cloud-init[640]: |*.+ .  = o       |
[   15.018851] cloud-init[640]: |o .o.   .        |
[[0;32m  OK  [0m] Listening on LXD - unix socket.
[   15.023219] cloud-init[640]: | . o.            |
[   15.028054] [[0;32m  OK  [0m] Started Availability of block devices.
[[0;32m  OK  [0m] Reached target Sockets.
[[0;32m  OK  [0m] Reached target Basic System.
cloud-init[640]: |   .o.           |
         Starting LSB: automatic crash report generation...
[   15.047477] cloud-init[640]: +----[SHA256]-----+
[   15.051168] cloud-init[640]: Generating public/private ecdsa key pair.
         Starting Dispatcher daemon for systemd-networkd...
[   15.074454] cloud-init[640]: Your identification has been saved in /etc/ssh/ssh_host_ecdsa_key.
[[0;32m  OK  [0m] Started Deferred execution scheduler.
         Starting Virtualbox guest utils...
[[0;32m  OK  [0m] Started D-Bus System Message Bus.
[   15.108965] cloud-init[640]: Your public key has been saved in /etc/ssh/ssh_host_ecdsa_key.pub.
[   15.125387] cloud-init[640]: The key fingerprint is:
[   15.131007] cloud-init[640]: SHA256:dyFqXMpN3nUcWv03S8pgteT3zTRxpOQnlL7ghsAU0gY root@ubuntu-bionic
[   15.148517] cloud-init[640]: The key's randomart image is:
         Starting System Logging Service...
[   15.155791] cloud-init         Starting LSB: Record successful boot for GRUB...
[[0;32m  OK  [0m] Started Unattended Upgrades Shutdown.
         Starting Permit User Sessions...
[640]: +---[ECDSA 256]---+         Starting Login Service...

[   15.177229] cloud-init         Starting Accounts Service...
[640]: |      Eo..    o=o|[[0;32m  OK  [0m] Started FUSE filesystem for LXC.

[   15.190795] cloud-init[640]: |       .+    *+++|
[   15.197487] cloud-init[640]: |       +  + =o* B|
[   15.203050] cloud-init[640]: |       ooB =.=.O+|
[   15.206644] cloud-init[640]: |        S.=o=.++B|
[   15.209240] cloud-init[640]: |       . ...oo..+|
[   15.218308] cloud-init[640]: |           .     |
[   15.227374] cloud-init[640]: |                 |
[   15.233052] cloud-init[640]:          Starting Pollinate to seed the pseudo random number generator...
|                 |
[   15.241647] cloud-init[640]: +----[SHA256]-----+
[   15.245059] cloud-init[640]: Generating public/private ed25519 key pair.
[   15.249215] cloud-init[640]: Your identification has been saved in /etc/ssh/ssh_host_ed25519_key.
[   15.254474] cloud-init[640]: Your public key has been saved in /etc/ssh/ssh_host_ed25519_key.pub.
[   15.259820] cloud-init[640]: The key fingerprint is:
[   15.266296] cloud-init[640]: SHA256:vYtJ47Zrayad2aB6L4OYmrrdfvJJtw6WJOIuJNdsgo4 root@ubuntu-bionic
[   15.273987] cloud-init[640]: The key's randomart image is:
[   15.278715] [[0;32m  OK  [0m] Started irqbalance daemon.
cloud-init[640]: +--[ED25519 256]--+
[   15.286285] cloud-init[640]: |                 |
[   15.290887] cloud-init[640]: |                 |
[   15.294892] cloud-init[640]: |                 |
[   15.299158] cloud-init[640]: |         .       |
[   15.303846] cloud-init[640]: | ..o. . S .      |
[   15.311019] cloud-init[640]: |ooo.+o ..  .     |
[   15.314949] cloud-init[640]: |=..= .=o+=.      |
[   15.318573] cloud-init[640]: |E=o.ooB*O=..     |
[   15.325323] cloud-init[640]: |*+o.+*o@@+.      |
[   15.327889] cloud-init[640]: +----[SHA256]-----+
[[0;32m  OK  [0m] Started Regular background program processing daemon.
         Starting Snappy daemon...
         Starting LXD - container startup/shutdown...
[[0;32m  OK  [0m] Started System Logging Service.
[[0;32m  OK  [0m] Started Permit User Sessions.
[[0;32m  OK  [0m] Started Login Service.
         Starting Authorization Manager...
         Starting Hold until boot process finishes up...
         Starting Terminate Plymouth Boot Screen...
[[0;32m  OK  [0m] Started Hold until boot process finishes up.
         Starting Set console scheme...
[[0;32m  OK  [0m] Started Serial Getty on ttyS0.
[[0;32m  OK  [0m] Started Terminate Plymouth Boot Screen.
[[0;32m  OK  [0m] Started LSB: automatic crash report generation.
[[0;32m  OK  [0m] Started LSB: Record successful boot for GRUB.
[[0;32m  OK  [0m] Started Set console scheme.
[[0;32m  OK  [0m] Created slice system-getty.slice.
[[0;32m  OK  [0m] Started Getty on tty1.
[[0;32m  OK  [0m] Reached target Login Prompts.
[[0;32m  OK  [0m] Started Dispatcher daemon for systemd-networkd.
[[0;32m  OK  [0m] Started Authorization Manager.
[[0;32m  OK  [0m] Started Accounts Service.
[[0;32m  OK  [0m] Started Virtualbox guest utils.
[[0;32m  OK  [0m] Started LXD - container startup/shutdown.
[[0;32m  OK  [0m] Started Snappy daemon.
         Starting Wait until snapd is fully seeded...
[[0;32m  OK  [0m] Started Pollinate to seed the pseudo random number generator.
         Starting OpenBSD Secure Shell server...
[[0;32m  OK  [0m] Started OpenBSD Secure Shell server.
[[0;32m  OK  [0m] Created slice User Slice of vagrant.
         Starting User Manager for UID 1000...
[[0;32m  OK  [0m] Started Session 1 of user vagrant.
[[0;32m  OK  [0m] Started User Manager for UID 1000.
[[0;32m  OK  [0m] Started Session 3 of user vagrant.
[[0;32m  OK  [0m] Started Wait until snapd is fully seeded.
[   21.445494] cloud-init[1474]: Cloud-init v. 18.4-0ubuntu1~18.04.1 running 'modules:config' at Tue, 04 Dec 2018 01:45:13 +0000. Up 20.98 seconds.

Ubuntu 18.04.1 LTS ubuntu-bionic ttyS0

ubuntu-bionic login: ci-info: no authorized ssh keys fingerprints found for user ubuntu.
<14>Dec  4 01:45:14 ec2: 
<14>Dec  4 01:45:14 ec2: #############################################################
<14>Dec  4 01:45:14 ec2: -----BEGIN SSH HOST KEY FINGERPRINTS-----
<14>Dec  4 01:45:14 ec2: 1024 SHA256:JleY9qYABhrbyKs0H8APeBjLjIC5C6L96yQSEqP1XaE root@ubuntu-bionic (DSA)
<14>Dec  4 01:45:14 ec2: 256 SHA256:dyFqXMpN3nUcWv03S8pgteT3zTRxpOQnlL7ghsAU0gY root@ubuntu-bionic (ECDSA)
<14>Dec  4 01:45:14 ec2: 256 SHA256:vYtJ47Zrayad2aB6L4OYmrrdfvJJtw6WJOIuJNdsgo4 root@ubuntu-bionic (ED25519)
<14>Dec  4 01:45:14 ec2: 2048 SHA256:1g9czTs+P/XRzV8fU+gKe7df1MH+VSDTycIy2fo0vvI root@ubuntu-bionic (RSA)
<14>Dec  4 01:45:14 ec2: -----END SSH HOST KEY FINGERPRINTS-----
<14>Dec  4 01:45:14 ec2: #############################################################
-----BEGIN SSH HOST KEY KEYS-----
ecdsa-sha2-nistp256 AAAAE2VjZHNhLXNoYTItbmlzdHAyNTYAAAAIbmlzdHAyNTYAAABBBEGRcWvancQiI4i/qccrZNX2xXrBGu8v8nocuEgOu0/yGF6l/FMn9dFdB+kC4+1lqjSAYFsgYw5PqwZED0vEz7s= root@ubuntu-bionic
ssh-ed25519 AAAAC3NzaC1lZDI1NTE5AAAAIDLJnZ+pmtB2DbVFRVaBDdfbALkdz+dmXUiAsCDhtfs8 root@ubuntu-bionic
ssh-rsa AAAAB3NzaC1yc2EAAAADAQABAAABAQDBipFWfYka8jgJO/nWQYGMziRtXvzPXKvgDh9/7JqfwiQPBx2BuFkQZxSeg78nlWNlIKgpjXmFVbm1RcbRIKY7u/WSy3xN+nG6ToG5YOSYr+83ioR7rytTuhTK5/Zi8YfLUkj+IYTg2c9M7jYvFyX90J5pM0EamoeXOrS+Spy7VgGmFht10tuIeg0YhvcdzfWA3Eefs6pMo7mQV/jE5L38nCNiwrqo5EnuXY0xzkEeRfYzl7m8T/kLPNbTZ0qVRlmR0K7jXqFe6UkANMQ+8BDnyHqnSi1KBaAesdR02vWNZby9DTX2BDGXln/FAy0J7ZIynkfB/WOa5m6krVLmtxRj root@ubuntu-bionic
-----END SSH HOST KEY KEYS-----
[   22.041101] cloud-init[1522]: Cloud-init v. 18.4-0ubuntu1~18.04.1 running 'modules:final' at Tue, 04 Dec 2018 01:45:14 +0000. Up 21.86 seconds.
[   22.041182] cloud-init[1522]: ci-info: no authorized ssh keys fingerprints found for user ubuntu.
[   22.041226] cloud-init[1522]: Cloud-init v. 18.4-0ubuntu1~18.04.1 finished at Tue, 04 Dec 2018 01:45:14 +0000. Datasource DataSourceNoCloud [seed=/dev/sdb][dsmode=net].  Up 22.03 seconds
